[www.kotuku.nz/index.html]
[backblue.gif]
[fade.gif]
[index.html]
[www.kotuku.nz/static/icons/apple-icon-57x57.png]
[www.kotuku.nz/static/icons/apple-icon-60x60.png]
[www.kotuku.nz/static/icons/apple-icon-72x72.png]
[www.kotuku.nz/static/icons/apple-icon-76x76.png]
[www.kotuku.nz/static/icons/apple-icon-114x114.png]
[www.kotuku.nz/static/icons/apple-icon-120x120.png]
[www.kotuku.nz/static/icons/apple-icon-144x144.png]
[www.kotuku.nz/static/icons/apple-icon-152x152.png]
[www.kotuku.nz/static/icons/apple-icon-180x180.png]
[www.kotuku.nz/static/icons/android-icon-192x192.png]
[www.kotuku.nz/static/icons/favicon-32x32.png]
[www.kotuku.nz/static/icons/favicon-96x96.png]
[www.kotuku.nz/static/icons/favicon-16x16.png]
[www.kotuku.nz/static/icons/manifest.json]
[www.kotuku.nz/static/icons/ms-icon-144x144.png]
[www.kotuku.nz/blog.html]
[www.kotuku.nz/static/assets/slider/imac.png]
[cdnjs.cloudflare.com/ajax/libs/modernizr/2.7.1/modernizr.min.js]
[www.kotuku.nz/blog/article/entrepreneur-of-the-year/index.html]
[www.kotuku.nz/www.ngatiawa.iwi.13.delayed]
[ajax.googleapis.com/ajax/libs/jquery/1.9.0/jquery.min.js]
[www.kotuku.nz/static/js/libs/b1c31d74.jquery-1.8.2.min.js]
[www.kotuku.nz/static/javascript/125a44f7.minified.js]
[cdnjs.cloudflare.com/ajax/libs/jquery/2.0.3/jquery.min.js]
[www.google-analytics.com/ga.js]
[www.kotuku.nz/index.html]
[www.kotuku.nz/static/fonts/glyphicons-halflings-regular.1a.delayed]
[www.kotuku.nz/static/fonts/glyphicons-halflings-regulard41d.eot]
[www.kotuku.nz/static/fonts/glyphicons-halflings-regular.woff]
[www.kotuku.nz/static/fonts/glyphicons-halflings-regular.ttf]
[www.kotuku.nz/static/fonts/glyphicons-halflings-regular.svg]
[www.kotuku.nz/static/fonts/fontawesome-webfontba72.eot]
[www.kotuku.nz/static/fonts/fontawesome-webfontd41d.eot]
[www.kotuku.nz/static/fonts/fontawesome-webfontba72.svg]
[www.kotuku.nz/static/css/images/controls.png]
[www.kotuku.nz/static/css/images/border.png]
[www.kotuku.nz/static/fonts/fontawesome-webfontba72.woff]
[www.kotuku.nz/static/css/images/loading_background.png]
[www.kotuku.nz/static/css/images/loading.gif]
[www.kotuku.nz/static/assets/loader.gif]
[www.kotuku.nz/static/css/49401ac8.minified.css]
[www.kotuku.nz/blog.html]
[www.kotuku.nz/blog/article/entrepreneur-of-the-year/index.html]
[www.kotuku.nz/www.ngatiawa.iwi.html]
[www.kotuku.nz/webhook-uploads/1518400587041/TRONA-nav-logo.svg]
[www.kotuku.nz/static/fonts/glyphicons-halflings-regular.html]
[www.kotuku.nz/static/fonts/glyphicons-halflings-regulard41d.html]
[www.kotuku.nz/static/fonts/glyphicons-halflings-regular-2.html]
[www.kotuku.nz/static/fonts/glyphicons-halflings-regular-3.html]
[www.kotuku.nz/static/fonts/glyphicons-halflings-regular-4.html]
[www.kotuku.nz/static/fonts/fontawesome-webfontba72.ttf]
[www.kotuku.nz/static/fonts/fontawesome-webfontba72.svg]
